=== midnight_resolve mulai @ 2026-05-16T00:05:04.386695 ===
Ditemukan 1 tanggal yang perlu di-resolve:
  • 2026-05-15: 2 karyawan diproses
=== selesai @ 2026-05-16T00:05:04.619115 (total insert: 2, durasi: 0.23s) ===
=== midnight_resolve mulai @ 2026-05-17T00:05:05.386607 ===
Tidak ada tanggal yang butuh di-resolve (cek sampai 2026-05-16).
=== selesai @ 2026-05-17T00:05:05.582261 ===
=== midnight_resolve mulai @ 2026-05-18T00:14:17.620818 ===
Tidak ada tanggal yang butuh di-resolve (cek sampai 2026-05-17).
=== selesai @ 2026-05-18T00:14:18.022468 ===
=== midnight_resolve mulai @ 2026-05-19T00:05:00.577208 ===
Tidak ada tanggal yang butuh di-resolve (cek sampai 2026-05-18).
=== selesai @ 2026-05-19T00:05:00.754318 ===
=== midnight_resolve mulai @ 2026-05-20T00:05:04.560663 ===
Tidak ada tanggal yang butuh di-resolve (cek sampai 2026-05-19).
=== selesai @ 2026-05-20T00:05:04.749284 ===
=== midnight_resolve mulai @ 2026-05-21T00:05:05.045382 ===
Tidak ada tanggal yang butuh di-resolve (cek sampai 2026-05-20).
=== selesai @ 2026-05-21T00:05:05.236366 ===
=== midnight_resolve mulai @ 2026-05-22T00:05:05.290805 ===
Tidak ada tanggal yang butuh di-resolve (cek sampai 2026-05-21).
=== selesai @ 2026-05-22T00:05:05.511572 ===
=== midnight_resolve mulai @ 2026-05-23T00:05:01.858921 ===
Ditemukan 1 tanggal yang perlu di-resolve:
  • 2026-05-22: 1 karyawan diproses
=== selesai @ 2026-05-23T00:05:02.065883 (total insert: 1, durasi: 0.21s) ===
=== midnight_resolve mulai @ 2026-05-24T00:05:06.111740 ===
Tidak ada tanggal yang butuh di-resolve (cek sampai 2026-05-23).
=== selesai @ 2026-05-24T00:05:06.171578 ===
=== midnight_resolve mulai @ 2026-05-25T00:05:03.235007 ===
Tidak ada tanggal yang butuh di-resolve (cek sampai 2026-05-24).
=== selesai @ 2026-05-25T00:05:03.658528 ===
=== midnight_resolve mulai @ 2026-05-26T00:05:03.124909 ===
Tidak ada tanggal yang butuh di-resolve (cek sampai 2026-05-25).
=== selesai @ 2026-05-26T00:05:03.150141 ===
=== midnight_resolve mulai @ 2026-05-27T00:18:37.753100 ===
Tidak ada tanggal yang butuh di-resolve (cek sampai 2026-05-26).
=== selesai @ 2026-05-27T00:18:37.821269 ===
=== midnight_resolve mulai @ 2026-05-28T00:05:04.838098 ===
Tidak ada tanggal yang butuh di-resolve (cek sampai 2026-05-27).
=== selesai @ 2026-05-28T00:05:04.884022 ===
=== midnight_resolve mulai @ 2026-05-29T00:05:04.093879 ===
Tidak ada tanggal yang butuh di-resolve (cek sampai 2026-05-28).
=== selesai @ 2026-05-29T00:05:04.144099 ===
=== midnight_resolve mulai @ 2026-05-30T00:05:05.440630 ===
Tidak ada tanggal yang butuh di-resolve (cek sampai 2026-05-29).
=== selesai @ 2026-05-30T00:05:05.474207 ===
=== midnight_resolve mulai @ 2026-05-31T00:07:16.561044 ===
Tidak ada tanggal yang butuh di-resolve (cek sampai 2026-05-30).
=== selesai @ 2026-05-31T00:07:16.626403 ===
=== midnight_resolve mulai @ 2026-06-01T00:05:02.624568 ===
Tidak ada tanggal yang butuh di-resolve (cek sampai 2026-05-31).
=== selesai @ 2026-06-01T00:05:02.789240 ===
=== midnight_resolve mulai @ 2026-06-02T00:05:00.465397 ===
Ditemukan 1 tanggal yang perlu di-resolve:
  • 2026-06-01: 2 karyawan diproses
--- Kirim payload rekap harian (2 baris baru) ---

[PAYLOAD] {
  "id_karyawan": 24,
  "nama": "Enrico",
  "tanggal": "2026-06-01",
  "jam_masuk": "17:50:37",
  "jam_pulang": "20:00:08",
  "status_terlambat": true,
  "status_pulang_cepat": false,
  "keterangan": "terlambat",
  "source": "face_recognition_system",
  "jenis_payload": "rekap_harian"
}
--- Payload: 1 terkirim, 1 dilewati (tidak lengkap), 0 gagal ---
=== selesai @ 2026-06-02T00:05:00.808351 (total insert: 2, durasi: 0.34s) ===
=== midnight_resolve mulai @ 2026-06-03T00:05:04.894155 ===
Ditemukan 1 tanggal yang perlu di-resolve:
  • 2026-06-02: 1 karyawan diproses
--- Kirim payload rekap harian (1 baris baru) ---

[PAYLOAD] {
  "id_karyawan": 25,
  "nama": "Enrico Kevin",
  "tanggal": "2026-06-02",
  "jam_masuk": "10:48:50",
  "jam_pulang": "14:41:27",
  "status_terlambat": true,
  "status_pulang_cepat": true,
  "keterangan": "terlambat, pulang cepat",
  "source": "face_recognition_system",
  "jenis_payload": "rekap_harian"
}
--- Payload: 1 terkirim, 0 dilewati (tidak lengkap), 0 gagal ---
=== selesai @ 2026-06-03T00:05:04.999003 (total insert: 1, durasi: 0.10s) ===
=== midnight_resolve mulai @ 2026-06-04T00:05:05.921064 ===
Ditemukan 1 tanggal yang perlu di-resolve:
  • 2026-06-03: 1 karyawan diproses
--- Kirim payload rekap harian (1 baris baru) ---
--- Payload: 0 terkirim, 1 dilewati (tidak lengkap), 0 gagal ---
=== selesai @ 2026-06-04T00:05:06.154122 (total insert: 1, durasi: 0.23s) ===
=== midnight_resolve mulai @ 2026-06-05T00:05:05.183076 ===
Tidak ada tanggal yang butuh di-resolve (cek sampai 2026-06-04).
=== selesai @ 2026-06-05T00:05:05.426841 ===
=== midnight_resolve mulai @ 2026-06-06T00:05:05.559892 ===
Ditemukan 1 tanggal yang perlu di-resolve:
  • 2026-06-05: 1 karyawan diproses
--- Kirim payload rekap harian (1 baris baru) ---

[PAYLOAD] {
  "id_karyawan": 25,
  "nama": "Enrico Kevin",
  "tanggal": "2026-06-05",
  "jam_masuk": "00:26:12",
  "jam_pulang": "00:38:16",
  "status_terlambat": false,
  "status_pulang_cepat": true,
  "keterangan": "pulang cepat",
  "source": "face_recognition_system",
  "jenis_payload": "rekap_harian"
}
--- Payload: 1 terkirim, 0 dilewati (tidak lengkap), 0 gagal ---
=== selesai @ 2026-06-06T00:05:05.648736 (total insert: 1, durasi: 0.09s) ===
